// Jest Snapshot v1, https://goo.gl/fbAQLP

exports[`Login renders correctly 1`] = `"<div class=\\"login\\"><div class=\\"login-site\\"><div class=\\"login-site__text text-pop-up-top\\"><div class=\\"site-title\\">Preporuke lijekova</div><div class=\\"site-text-under-title\\">Odaberite jednu od opcija za nastavak.</div></div><img src=\\"undraw_Mobile_login_re_9ntv.svg\\" alt=\\"background\\" class=\\"site-logo\\"><div class=\\"login__button-container\\"><button class=\\"login__button-container__register-btn\\" type=\\"button\\"><div class=\\"login__button-container__register-btn__text\\">Registracija</div></button><button class=\\"login__button-container__login-btn\\" type=\\"button\\"><div class=\\"login__button-container__login-btn__text\\">Prijava</div></button></div></div><form class=\\"\\"></form></div>"`;
